// Jest Snapshot v1, https://goo.gl/fbAQLP

exports[`matches the snapshot 1`] = `
<img
  alt="Loading..."
  src="spinner.gif"
  style={
    Object {
      "display": "block",
      "margin": "auto",
      "width": "200px",
    }
  }
/>
`;
